[creativelayers.net/themes/educrat-html/index.html]
[cdnjs.cloudflare.com/ajax/libs/font-awesome/5.15.4/css/all.min.css]
[unpkg.com/leaflet@1.7.1/dist/leaflet.css]
[backblue.gif]
[fade.gif]
[index.html]
[creativelayers.net/themes/educrat-html/css/vendors.css]
[creativelayers.net/themes/educrat-html/css/main.css]
[creativelayers.net/themes/educrat-html/index-2.html]
[creativelayers.net/themes/educrat-html/courses-single-1.html]
[creativelayers.net/themes/educrat-html/courses-single-2.html]
[creativelayers.net/themes/educrat-html/courses-single-3.html]
[creativelayers.net/themes/educrat-html/courses-single-4.html]
[creativelayers.net/themes/educrat-html/courses-single-5.html]
[creativelayers.net/themes/educrat-html/courses-single-6.html]
[creativelayers.net/themes/educrat-html/login.html]
[creativelayers.net/themes/educrat-html/signup.html]
[creativelayers.net/themes/educrat-html/home-2.html]
[creativelayers.net/themes/educrat-html/home-3.html]
[creativelayers.net/themes/educrat-html/home-4.html]
[creativelayers.net/themes/educrat-html/home-5.html]
[creativelayers.net/themes/educrat-html/home-7.html]
[creativelayers.net/themes/educrat-html/home-6.html]
[creativelayers.net/themes/educrat-html/home-8.html]
[creativelayers.net/themes/educrat-html/home-9.html]
[creativelayers.net/themes/educrat-html/home-10.html]
[creativelayers.net/themes/educrat-html/courses-list-1.html]
[creativelayers.net/themes/educrat-html/courses-list-2.html]
[creativelayers.net/themes/educrat-html/courses-list-3.html]
[creativelayers.net/themes/educrat-html/courses-list-4.html]
[creativelayers.net/themes/educrat-html/courses-list-5.html]
[creativelayers.net/themes/educrat-html/courses-list-6.html]
[creativelayers.net/themes/educrat-html/courses-list-7.html]
[creativelayers.net/themes/educrat-html/courses-list-8.html]
[creativelayers.net/themes/educrat-html/lesson-single-1.html]
[creativelayers.net/themes/educrat-html/lesson-single-2.html]
[creativelayers.net/themes/educrat-html/instructors-list-1.html]
[creativelayers.net/themes/educrat-html/instructors-list-2.html]
[creativelayers.net/themes/educrat-html/instructors-single.html]
[creativelayers.net/themes/educrat-html/instructors-become.html]
[creativelayers.net/themes/educrat-html/dashboard.html]
[creativelayers.net/themes/educrat-html/dshb-courses.html]
[creativelayers.net/themes/educrat-html/dshb-bookmarks.html]
[creativelayers.net/themes/educrat-html/dshb-listing.html]
[creativelayers.net/themes/educrat-html/dshb-reviews.html]
[creativelayers.net/themes/educrat-html/dshb-settings.html]
[creativelayers.net/themes/educrat-html/dshb-administration.html]
[creativelayers.net/themes/educrat-html/dshb-assignment.html]
[creativelayers.net/themes/educrat-html/dshb-calendar.html]
[creativelayers.net/themes/educrat-html/dshb-dashboard.html]
[creativelayers.net/themes/educrat-html/dshb-dictionary.html]
[creativelayers.net/themes/educrat-html/dshb-forums.html]
[creativelayers.net/themes/educrat-html/dshb-grades.html]
[creativelayers.net/themes/educrat-html/dshb-messages.html]
[creativelayers.net/themes/educrat-html/dshb-participants.html]
[creativelayers.net/themes/educrat-html/dshb-quiz.html]
[creativelayers.net/themes/educrat-html/dshb-survey.html]
[creativelayers.net/themes/educrat-html/courses-list-all.html]
[creativelayers.net/themes/educrat-html/event-list-1.html]
[creativelayers.net/themes/educrat-html/event-list-2.html]
[creativelayers.net/themes/educrat-html/event-single.html]
[creativelayers.net/themes/educrat-html/blog-list-1.html]
[creativelayers.net/themes/educrat-html/blog-list-2.html]
[creativelayers.net/themes/educrat-html/blog-list-3.html]
[creativelayers.net/themes/educrat-html/blog-single.html]
[creativelayers.net/themes/educrat-html/about-1.html]
[creativelayers.net/themes/educrat-html/about-2.html]
[creativelayers.net/themes/educrat-html/contact-1.html]
[creativelayers.net/themes/educrat-html/contact-2.html]
[creativelayers.net/themes/educrat-html/shop-cart.html]
[creativelayers.net/themes/educrat-html/shop-checkout.html]
[creativelayers.net/themes/educrat-html/shop-list.html]
[creativelayers.net/themes/educrat-html/shop-order.html]
[creativelayers.net/themes/educrat-html/shop-single.html]
[creativelayers.net/themes/educrat-html/pricing.html]
[creativelayers.net/themes/educrat-html/404.html]
[creativelayers.net/themes/educrat-html/terms.html]
[creativelayers.net/themes/educrat-html/help-center.html]
[creativelayers.net/themes/educrat-html/ui-elements.html]
[creativelayers.net/themes/educrat-html/img/menus/cart/1.png]
[creativelayers.net/themes/educrat-html/img/menus/cart/2.png]
[creativelayers.net/themes/educrat-html/img/home-1/hero/bg.png]
[creativelayers.net/themes/educrat-html/img/masthead/1.png]
[creativelayers.net/themes/educrat-html/img/masthead/2.png]
[creativelayers.net/themes/educrat-html/img/masthead/4.png]
[creativelayers.net/themes/educrat-html/img/masthead/3.png]
[creativelayers.net/themes/educrat-html/img/coursesCards/1.png]
[creativelayers.net/themes/educrat-html/img/general/avatar-1.png]
[creativelayers.net/themes/educrat-html/img/coursesCards/2.png]
[creativelayers.net/themes/educrat-html/img/coursesCards/3.png]
[creativelayers.net/themes/educrat-html/img/coursesCards/4.png]
[creativelayers.net/themes/educrat-html/img/coursesCards/5.png]
[creativelayers.net/themes/educrat-html/img/coursesCards/6.png]
[creativelayers.net/themes/educrat-html/img/coursesCards/7.png]
[creativelayers.net/themes/educrat-html/img/coursesCards/8.png]
[creativelayers.net/themes/educrat-html/img/testimonials/1.png]
[creativelayers.net/themes/educrat-html/img/testimonials/2.png]
[creativelayers.net/themes/educrat-html/img/testimonials/3.png]
[creativelayers.net/themes/educrat-html/img/testimonials/4.png]
[creativelayers.net/themes/educrat-html/img/about/1.png]
[creativelayers.net/themes/educrat-html/img/team/1.png]
[creativelayers.net/themes/educrat-html/img/team/2.png]
[creativelayers.net/themes/educrat-html/img/team/3.png]
[creativelayers.net/themes/educrat-html/img/team/4.png]
[creativelayers.net/themes/educrat-html/img/app/1.png]
[creativelayers.net/themes/educrat-html/img/blog/1.png]
[creativelayers.net/themes/educrat-html/img/blog/2.png]
[creativelayers.net/themes/educrat-html/img/blog/small/1.png]
[creativelayers.net/themes/educrat-html/img/blog/small/2.png]
[creativelayers.net/themes/educrat-html/img/blog/small/3.png]
[unpkg.com/leaflet@1.7.1/dist/leaflet.js]
[creativelayers.net/themes/educrat-html/index.html]
[cdnjs.cloudflare.com/ajax/libs/font-awesome/5.15.4/css/all.min.css]
[creativelayers.net/themes/educrat-html/js/main.js]
[unpkg.com/leaflet@1.7.1/dist/images/layers.png]
[unpkg.com/leaflet@1.7.1/dist/images/layers-2x.png]
[unpkg.com/leaflet@1.7.1/dist/images/marker-icon.png]
[unpkg.com/leaflet@1.7.1/dist/leaflet.css]
[creativelayers.net/themes/educrat-html/fonts/fontawesome-webfont3e6e.eot]
[creativelayers.net/themes/educrat-html/js/vendors.js]
[creativelayers.net/themes/educrat-html/fonts/fontawesome-webfontd41d.eot]
[creativelayers.net/themes/educrat-html/fonts/fontawesome-webfont3e6e.woff2]
[creativelayers.net/themes/educrat-html/fonts/fontawesome-webfont3e6e.woff]
[creativelayers.net/themes/educrat-html/fonts/fontawesome-webfont3e6e.ttf]
[creativelayers.net/themes/educrat-html/fonts/icomoonf3f8.eot]
[creativelayers.net/themes/educrat-html/fonts/icomoonf3f8.ttf]
[creativelayers.net/themes/educrat-html/fonts/icomoonf3f8.woff]
[creativelayers.net/themes/educrat-html/css/vendors.css]
[creativelayers.net/themes/educrat-html/css/main.css]
[creativelayers.net/themes/educrat-html/index-2.html]
[creativelayers.net/themes/educrat-html/img/general/logo.svg]
[creativelayers.net/themes/educrat-html/img/event-single/bg.png]
[creativelayers.net/themes/educrat-html/img/avatars/small-1.png]
[creativelayers.net/themes/educrat-html/img/misc/1.png]
[creativelayers.net/themes/educrat-html/courses-single-1.html]
[cdn.jsdelivr.net/npm/choices.js/public/assets/styles/base.min.css]
[cdn.jsdelivr.net/npm/choices.js/public/assets/styles/choices.min.css]
[creativelayers.net/themes/educrat-html/courses-single-2.html]
[creativelayers.net/themes/educrat-html/courses-single-3.html]
[creativelayers.net/themes/educrat-html/courses-single-4.html]
[creativelayers.net/themes/educrat-html/courses-single-5.html]
[creativelayers.net/themes/educrat-html/courses-single-6.html]
[creativelayers.net/themes/educrat-html/img/login/bg.png]
[creativelayers.net/themes/educrat-html/img/home-9/hero/bg.png]
[creativelayers.net/themes/educrat-html/img/home-9/hero/1.png]
[creativelayers.net/themes/educrat-html/img/home-9/hero/3.png]
[creativelayers.net/themes/educrat-html/login.html]
[creativelayers.net/themes/educrat-html/signup.html]
[creativelayers.net/themes/educrat-html/img/home-2/mainSlider/bg.png]
[creativelayers.net/themes/educrat-html/img/home-2/cta/bg.png]
[creativelayers.net/themes/educrat-html/img/home-2/learning/1.png]
[creativelayers.net/themes/educrat-html/img/home-2/learning/2.png]
[creativelayers.net/themes/educrat-html/img/home-2/events/1.png]
[creativelayers.net/themes/educrat-html/img/home-2/events/2.png]
[creativelayers.net/themes/educrat-html/img/home-2/events/3.png]
[creativelayers.net/themes/educrat-html/img/home-2/events/4.png]
[creativelayers.net/themes/educrat-html/img/home-2/events/5.png]
[creativelayers.net/themes/educrat-html/img/home-2/events/6.png]
[creativelayers.net/themes/educrat-html/img/home-2/categories/1.png]
[creativelayers.net/themes/educrat-html/img/home-2/categories/2.png]
[creativelayers.net/themes/educrat-html/img/home-2/categories/3.png]
[creativelayers.net/themes/educrat-html/img/home-2/categories/4.png]
[creativelayers.net/themes/educrat-html/img/home-2/categories/5.png]
[creativelayers.net/themes/educrat-html/img/home-2/categories/6.png]
[creativelayers.net/themes/educrat-html/img/home-2/categories/7.png]
[creativelayers.net/themes/educrat-html/img/home-2/students/1.png]
[creativelayers.net/themes/educrat-html/img/home-2/students/2.png]
[creativelayers.net/themes/educrat-html/img/home-2/students/3.png]
[creativelayers.net/themes/educrat-html/img/home-2/students/4.png]
[creativelayers.net/themes/educrat-html/img/home-2/students/5.png]
[creativelayers.net/themes/educrat-html/img/home-2/about/1.png]
[creativelayers.net/themes/educrat-html/img/home-2/about/2.png]
[creativelayers.net/themes/educrat-html/home-2.html]
[creativelayers.net/themes/educrat-html/img/home-3/masthead/bg.png]
[creativelayers.net/themes/educrat-html/img/home-3/category/1.png]
[creativelayers.net/themes/educrat-html/img/home-3/category/2.png]
[creativelayers.net/themes/educrat-html/img/home-3/category/3.png]
[creativelayers.net/themes/educrat-html/img/home-3/category/4.png]
[creativelayers.net/themes/educrat-html/img/home-3/category/5.png]
[creativelayers.net/themes/educrat-html/img/home-3/category/6.png]
[creativelayers.net/themes/educrat-html/img/home-3/category/7.png]
[creativelayers.net/themes/educrat-html/img/home-3/category/8.png]
[creativelayers.net/themes/educrat-html/img/home-3/testimonials/1.png]
[creativelayers.net/themes/educrat-html/img/home-3/testimonials/2.png]
[creativelayers.net/themes/educrat-html/img/home-3/testimonials/3.png]
[creativelayers.net/themes/educrat-html/img/home-3/testimonials/4.png]
[creativelayers.net/themes/educrat-html/img/home-3/testimonials/5.png]
[creativelayers.net/themes/educrat-html/img/home-3/learn/1.png]
[creativelayers.net/themes/educrat-html/img/home-3/learn/2.png]
[creativelayers.net/themes/educrat-html/img/home-3/learn/3.png]
[creativelayers.net/themes/educrat-html/img/home-3/learn/4.png]
[creativelayers.net/themes/educrat-html/img/home-3/learn/5.png]
[creativelayers.net/themes/educrat-html/img/home-3/learn/6.png]
[creativelayers.net/themes/educrat-html/img/home-3/blog/1.png]
[creativelayers.net/themes/educrat-html/img/home-3/blog/2.png]
[creativelayers.net/themes/educrat-html/img/home-3/blog/3.png]
[creativelayers.net/themes/educrat-html/img/home-3/blog/4.png]
[creativelayers.net/themes/educrat-html/img/home-3/cta/bg.png]
[creativelayers.net/themes/educrat-html/home-3.html]
[creativelayers.net/themes/educrat-html/img/home-4/masthead/1.png]
[creativelayers.net/themes/educrat-html/img/home-4/dreamJob/1.png]
[creativelayers.net/themes/educrat-html/img/home-4/testimonials/1.png]
[creativelayers.net/themes/educrat-html/img/home-4/testimonials/2.png]
[creativelayers.net/themes/educrat-html/img/home-4/testimonials/3.png]
[creativelayers.net/themes/educrat-html/img/home-4/dreamJob/2.png]
[creativelayers.net/themes/educrat-html/home-4.html]
[creativelayers.net/themes/educrat-html/img/home-5/apps/img.png]
[creativelayers.net/themes/educrat-html/img/home-5/cta/img.png]
[creativelayers.net/themes/educrat-html/home-5.html]
[creativelayers.net/themes/educrat-html/img/home-6/hero/bg.png]
[creativelayers.net/themes/educrat-html/img/home-6/hero/2.png]
[creativelayers.net/themes/educrat-html/img/home-6/hero/1.png]
[creativelayers.net/themes/educrat-html/img/home-6/hero/3.png]
[creativelayers.net/themes/educrat-html/img/home-6/svg/bg.png]
[creativelayers.net/themes/educrat-html/img/home-6/trust/1.png]
[creativelayers.net/themes/educrat-html/img/home-6/trust/2.png]
[creativelayers.net/themes/educrat-html/img/home-6/trust/3.png]
[creativelayers.net/themes/educrat-html/img/home-6/trust/4.png]
[creativelayers.net/themes/educrat-html/img/home-6/trust/big.png]
[creativelayers.net/themes/educrat-html/img/home-6/learn/1.png]
[creativelayers.net/themes/educrat-html/img/home-6/app/1.png]
[creativelayers.net/themes/educrat-html/home-6.html]
[creativelayers.net/themes/educrat-html/img/home-7/hero/bg.png]
[creativelayers.net/themes/educrat-html/img/home-7/hero/image.png]
[creativelayers.net/themes/educrat-html/img/home-7/courses/1.png]
[creativelayers.net/themes/educrat-html/img/home-7/about/1.png]
[creativelayers.net/themes/educrat-html/img/home-7/about/2.png]
[creativelayers.net/themes/educrat-html/img/footer/apps-2/1.png]
[creativelayers.net/themes/educrat-html/img/footer/apps-2/2.png]
[creativelayers.net/themes/educrat-html/home-7.html]
[creativelayers.net/themes/educrat-html/img/home-8/hero/image.png]
[creativelayers.net/themes/educrat-html/img/home-8/what/1.png]
[creativelayers.net/themes/educrat-html/img/home-8/grow/bg.png]
[creativelayers.net/themes/educrat-html/img/speakers/1.png]
[creativelayers.net/themes/educrat-html/img/speakers/2.png]
[creativelayers.net/themes/educrat-html/img/speakers/3.png]
[creativelayers.net/themes/educrat-html/img/courses-list/1.png]
[creativelayers.net/themes/educrat-html/img/courses-list/2.png]
[creativelayers.net/themes/educrat-html/img/courses-list/3.png]
[creativelayers.net/themes/educrat-html/img/courses-list/4.png]
[creativelayers.net/themes/educrat-html/img/courses-list/5.png]
[creativelayers.net/themes/educrat-html/img/courses-list/6.png]
[creativelayers.net/themes/educrat-html/img/home-8/testimonials/1.png]
[creativelayers.net/themes/educrat-html/img/home-8/features/1.png]
[creativelayers.net/themes/educrat-html/img/home-8/features/2.png]
[creativelayers.net/themes/educrat-html/home-8.html]
[creativelayers.net/themes/educrat-html/img/dashboard/actions/1.png]
[creativelayers.net/themes/educrat-html/img/dashboard/actions/2.png]
[creativelayers.net/themes/educrat-html/img/dashboard/actions/3.png]
[creativelayers.net/themes/educrat-html/img/dashboard/actions/4.png]
[creativelayers.net/themes/educrat-html/img/dashboard/actions/5.png]
[creativelayers.net/themes/educrat-html/img/misc/user-profile.png]
[creativelayers.net/themes/educrat-html/img/home-9/hero/4.png]
[creativelayers.net/themes/educrat-html/img/books/1.png]
[creativelayers.net/themes/educrat-html/img/books/2.png]
[creativelayers.net/themes/educrat-html/img/books/3.png]
[creativelayers.net/themes/educrat-html/img/books/4.png]
[creativelayers.net/themes/educrat-html/img/books/5.png]
[creativelayers.net/themes/educrat-html/img/books/6.png]
[creativelayers.net/themes/educrat-html/img/streams/1.png]
[creativelayers.net/themes/educrat-html/img/streams/2.png]
[creativelayers.net/themes/educrat-html/img/streams/3.png]
[creativelayers.net/themes/educrat-html/img/streams/4.png]
[creativelayers.net/themes/educrat-html/img/streams/5.png]
[creativelayers.net/themes/educrat-html/img/streams/6.png]
[creativelayers.net/themes/educrat-html/img/home-9/cta/bg.png]
[creativelayers.net/themes/educrat-html/img/dashboard/right-sidebar/messages/1.png]
[creativelayers.net/themes/educrat-html/img/dashboard/right-sidebar/messages-2/1.png]
[creativelayers.net/themes/educrat-html/img/dashboard/right-sidebar/messages-2/2.png]
[creativelayers.net/themes/educrat-html/img/dashboard/right-sidebar/messages-2/3.png]
[creativelayers.net/themes/educrat-html/img/dashboard/right-sidebar/contacts/1.png]
[creativelayers.net/themes/educrat-html/home-9.html]
[creativelayers.net/themes/educrat-html/home-10.html]
[cdnjs.cloudflare.com/ajax/libs/Chart.js/3.7.1/chart.min.js]
[creativelayers.net/themes/educrat-html/img/coursesCards/9.png]
[creativelayers.net/themes/educrat-html/img/coursesCards/10.png]
[creativelayers.net/themes/educrat-html/img/coursesCards/11.png]
[creativelayers.net/themes/educrat-html/img/coursesCards/12.png]
[creativelayers.net/themes/educrat-html/courses-list-1.html]
[creativelayers.net/themes/educrat-html/courses-list-2.html]
[creativelayers.net/themes/educrat-html/courses-list-3.html]
[creativelayers.net/themes/educrat-html/courses-list-4.html]
[creativelayers.net/themes/educrat-html/courses-list-5.html]
[creativelayers.net/themes/educrat-html/img/team/5.png]
[creativelayers.net/themes/educrat-html/img/team/6.png]
[creativelayers.net/themes/educrat-html/img/team/7.png]
[creativelayers.net/themes/educrat-html/courses-list-6.html]
[creativelayers.net/themes/educrat-html/courses-list-7.html]
[creativelayers.net/themes/educrat-html/courses-list-8.html]
[creativelayers.net/themes/educrat-html/courses-list-9.html]
[creativelayers.net/themes/educrat-html/img/lesson-single/1.png]
[creativelayers.net/themes/educrat-html/lesson-single-1.html]
[creativelayers.net/themes/educrat-html/lesson-single-2.html]
[creativelayers.net/themes/educrat-html/img/team/8.png]
[creativelayers.net/themes/educrat-html/instructors-list-1.html]
[creativelayers.net/themes/educrat-html/instructors-list-2.html]
[creativelayers.net/themes/educrat-html/img/Instructors-single/1.png]
[creativelayers.net/themes/educrat-html/instructors-single.html]
[creativelayers.net/themes/educrat-html/img/become-ins/1.png]
[creativelayers.net/themes/educrat-html/instructors-become.html]
[creativelayers.net/themes/educrat-html/img/dashboard/avatars/1.png]
[creativelayers.net/themes/educrat-html/img/dashboard/avatars/2.png]
[creativelayers.net/themes/educrat-html/img/dashboard/avatars/3.png]
[creativelayers.net/themes/educrat-html/img/dashboard/avatars/4.png]
[creativelayers.net/themes/educrat-html/img/dashboard/avatars/5.png]
[creativelayers.net/themes/educrat-html/img/dashboard/recent-courses/1.png]
[creativelayers.net/themes/educrat-html/img/dashboard/recent-courses/2.png]
[creativelayers.net/themes/educrat-html/img/dashboard/recent-courses/3.png]
[creativelayers.net/themes/educrat-html/dashboard.html]
[creativelayers.net/themes/educrat-html/dshb-courses.html]
[creativelayers.net/themes/educrat-html/img/dashboard/bookmarks/1.png]
[creativelayers.net/themes/educrat-html/img/dashboard/bookmarks/2.png]
[creativelayers.net/themes/educrat-html/img/dashboard/bookmarks/3.png]
[creativelayers.net/themes/educrat-html/img/dashboard/bookmarks/4.png]
[creativelayers.net/themes/educrat-html/img/dashboard/bookmarks/5.png]
[creativelayers.net/themes/educrat-html/img/dashboard/bookmarks/6.png]
[creativelayers.net/themes/educrat-html/dshb-bookmarks.html]
[creativelayers.net/themes/educrat-html/img/dashboard/media/1.png]
[creativelayers.net/themes/educrat-html/img/dashboard/media/2.png]
[creativelayers.net/themes/educrat-html/dshb-listing.html]
[creativelayers.net/themes/educrat-html/dshb-reviews.html]
[creativelayers.net/themes/educrat-html/img/dashboard/edit/1.png]
[creativelayers.net/themes/educrat-html/dshb-settings.html]
[creativelayers.net/themes/educrat-html/dshb-administration.html]
[creativelayers.net/themes/educrat-html/dshb-assignment.html]
[creativelayers.net/themes/educrat-html/dshb-calendar.html]
[creativelayers.net/themes/educrat-html/img/dashboard/recent-courses/4.png]
[creativelayers.net/themes/educrat-html/img/dashboard/demo/1.png]
[creativelayers.net/themes/educrat-html/img/dashboard/badges/1.png]
[creativelayers.net/themes/educrat-html/img/dashboard/badges/2.png]
[creativelayers.net/themes/educrat-html/img/dashboard/badges/3.png]
[creativelayers.net/themes/educrat-html/img/dashboard/badges/4.png]
[creativelayers.net/themes/educrat-html/img/dashboard/online-users/1.png]
[creativelayers.net/themes/educrat-html/img/dashboard/online-users/2.png]
[creativelayers.net/themes/educrat-html/dshb-dashboard.html]
[creativelayers.net/themes/educrat-html/dshb-dictionary.html]
[creativelayers.net/themes/educrat-html/img/misc/2.png]
[creativelayers.net/themes/educrat-html/dshb-forums.html]
[creativelayers.net/themes/educrat-html/img/avatars/small/1.png]
[creativelayers.net/themes/educrat-html/dshb-grades.html]
[creativelayers.net/themes/educrat-html/img/avatars/small/2.png]
[creativelayers.net/themes/educrat-html/img/avatars/small/3.png]
[creativelayers.net/themes/educrat-html/img/avatars/small/4.png]
[creativelayers.net/themes/educrat-html/img/avatars/small/5.png]
[creativelayers.net/themes/educrat-html/img/avatars/small/6.png]
[creativelayers.net/themes/educrat-html/img/avatars/small/7.png]
[creativelayers.net/themes/educrat-html/img/avatars/small/8.png]
[creativelayers.net/themes/educrat-html/dshb-messages.html]
[creativelayers.net/themes/educrat-html/dshb-participants.html]
[creativelayers.net/themes/educrat-html/dshb-quiz.html]
[creativelayers.net/themes/educrat-html/dshb-survey.html]
[creativelayers.net/themes/educrat-html/courses-list-all.html]
[creativelayers.net/themes/educrat-html/img/courses-list/7.png]
[creativelayers.net/themes/educrat-html/img/courses-list/8.png]
[creativelayers.net/themes/educrat-html/img/courses-list/9.png]
[creativelayers.net/themes/educrat-html/event-list-1.html]
[creativelayers.net/themes/educrat-html/img/blog-list/1.png]
[creativelayers.net/themes/educrat-html/img/blog-list/2.png]
[creativelayers.net/themes/educrat-html/img/blog-list/3.png]
[creativelayers.net/themes/educrat-html/img/event-list/1.png]
[creativelayers.net/themes/educrat-html/img/event-list/2.png]
[creativelayers.net/themes/educrat-html/img/event-list/3.png]
[creativelayers.net/themes/educrat-html/img/event-list/4.png]
[creativelayers.net/themes/educrat-html/img/event-list/5.png]
[creativelayers.net/themes/educrat-html/img/event-list/6.png]
[creativelayers.net/themes/educrat-html/img/event-list/7.png]
[creativelayers.net/themes/educrat-html/img/event-list/8.png]
[creativelayers.net/themes/educrat-html/img/event-list/9.png]
[creativelayers.net/themes/educrat-html/event-list-2.html]
[creativelayers.net/themes/educrat-html/img/speakers/4.png]
[creativelayers.net/themes/educrat-html/event-single.html]
[creativelayers.net/themes/educrat-html/img/blog-list/4.png]
[creativelayers.net/themes/educrat-html/img/blog-list/5.png]
[creativelayers.net/themes/educrat-html/img/blog-list/6.png]
[creativelayers.net/themes/educrat-html/img/blog-list/7.png]
[creativelayers.net/themes/educrat-html/img/blog-list/8.png]
[creativelayers.net/themes/educrat-html/img/blog-list/9.png]
[creativelayers.net/themes/educrat-html/blog-list-1.html]
[creativelayers.net/themes/educrat-html/blog-list-2.html]
[creativelayers.net/themes/educrat-html/img/blog-list/big/1.png]
[creativelayers.net/themes/educrat-html/img/blog-list/big/2.png]
[creativelayers.net/themes/educrat-html/img/blog-list/big/3.png]
[creativelayers.net/themes/educrat-html/img/blog-list/big/4.png]
[creativelayers.net/themes/educrat-html/blog-list-3.html]
[creativelayers.net/themes/educrat-html/img/blog/blog-single/images.png]
[creativelayers.net/themes/educrat-html/img/blog/blog-single/1.png]
[creativelayers.net/themes/educrat-html/img/blog/blog-single/2.png]
[creativelayers.net/themes/educrat-html/img/blog/blog-single/author.png]
[creativelayers.net/themes/educrat-html/blog-single.html]
[creativelayers.net/themes/educrat-html/img/about-1/1.png]
[creativelayers.net/themes/educrat-html/img/about-1/2.png]
[creativelayers.net/themes/educrat-html/img/about-1/3.png]
[creativelayers.net/themes/educrat-html/about-1.html]
[creativelayers.net/themes/educrat-html/about-2.html]
[creativelayers.net/themes/educrat-html/contact-1.html]
[creativelayers.net/themes/educrat-html/contact-2.html]
[creativelayers.net/themes/educrat-html/img/shop/products/1.png]
[creativelayers.net/themes/educrat-html/img/shop/products/2.png]
[creativelayers.net/themes/educrat-html/img/shop/products/3.png]
[creativelayers.net/themes/educrat-html/shop-cart.html]
[creativelayers.net/themes/educrat-html/shop-checkout.html]
[creativelayers.net/themes/educrat-html/img/shop/products/4.png]
[creativelayers.net/themes/educrat-html/img/shop/products/5.png]
[creativelayers.net/themes/educrat-html/img/shop/products/6.png]
[creativelayers.net/themes/educrat-html/img/shop/products/7.png]
[creativelayers.net/themes/educrat-html/img/shop/products/8.png]
[creativelayers.net/themes/educrat-html/img/shop/products/9.png]
[creativelayers.net/themes/educrat-html/shop-list.html]
[creativelayers.net/themes/educrat-html/shop-order.html]
[creativelayers.net/themes/educrat-html/img/shop/single/1.png]
[creativelayers.net/themes/educrat-html/img/shop/single/2.png]
[creativelayers.net/themes/educrat-html/img/shop/single/3.png]
[creativelayers.net/themes/educrat-html/img/shop/single/4.png]
[creativelayers.net/themes/educrat-html/shop-single.html]
[creativelayers.net/themes/educrat-html/pricing.html]
[creativelayers.net/themes/educrat-html/404.html]
[creativelayers.net/themes/educrat-html/terms.html]
[creativelayers.net/themes/educrat-html/help-center.html]
[creativelayers.net/themes/educrat-html/ui-elements.html]
[creativelayers.net/themes/educrat-html/img/menus/close.svg]
[creativelayers.net/themes/educrat-html/img/masthead/icons/1.svg]
[creativelayers.net/themes/educrat-html/img/masthead/icons/2.svg]
[creativelayers.net/themes/educrat-html/img/masthead/icons/3.svg]
[creativelayers.net/themes/educrat-html/img/masthead/1.svg]
[creativelayers.net/themes/educrat-html/img/masthead/2.svg]
[creativelayers.net/themes/educrat-html/img/clients/1.svg]
[creativelayers.net/themes/educrat-html/img/clients/2.svg]
[creativelayers.net/themes/educrat-html/img/clients/3.svg]
[creativelayers.net/themes/educrat-html/img/clients/4.svg]
[creativelayers.net/themes/educrat-html/img/clients/5.svg]
[creativelayers.net/themes/educrat-html/img/clients/6.svg]
[creativelayers.net/themes/educrat-html/img/featureCards/1.svg]
[creativelayers.net/themes/educrat-html/img/featureCards/2.svg]
[creativelayers.net/themes/educrat-html/img/featureCards/3.svg]
[creativelayers.net/themes/educrat-html/img/featureCards/4.svg]
[creativelayers.net/themes/educrat-html/img/featureCards/5.svg]
[creativelayers.net/themes/educrat-html/img/featureCards/6.svg]
[creativelayers.net/themes/educrat-html/img/coursesCards/icons/1.svg]
[creativelayers.net/themes/educrat-html/img/coursesCards/icons/2.svg]
[creativelayers.net/themes/educrat-html/img/coursesCards/icons/3.svg]
[creativelayers.net/themes/educrat-html/img/app/buttons/1.svg]
[creativelayers.net/themes/educrat-html/img/app/buttons/2.svg]
[creativelayers.net/themes/educrat-html/img/footer/footer-logo.svg]
[creativelayers.net/themes/educrat-html/instructor-become.html]
[creativelayers.net/themes/educrat-html/fonts/fontawesome-webfont3e6e.svg]
[creativelayers.net/themes/educrat-html/fonts/icomoonf3f8.svg]
[cdn.jsdelivr.net/npm/choices.js/public/assets/styles/base.min.css]
[cdn.jsdelivr.net/npm/choices.js/public/assets/styles/choices.min.css]
[creativelayers.net/themes/educrat-html/img/misc/verified/1.png]
[creativelayers.net/themes/educrat-html/img/home-2/mainSlider/icons/1.svg]
[creativelayers.net/themes/educrat-html/img/home-2/mainSlider/icons/2.svg]
[creativelayers.net/themes/educrat-html/img/home-2/mainSlider/icons/3.svg]
[creativelayers.net/themes/educrat-html/img/home-2/learning/icons/1.svg]
[creativelayers.net/themes/educrat-html/img/home-2/learning/icons/2.svg]
[creativelayers.net/themes/educrat-html/img/home-2/learning/icons/3.svg]
[creativelayers.net/themes/educrat-html/img/general/logo-dark.svg]
[creativelayers.net/themes/educrat-html/img/home-3/masthead/icons/1.svg]
[creativelayers.net/themes/educrat-html/img/home-3/masthead/icons/2.svg]
[creativelayers.net/themes/educrat-html/img/home-3/masthead/icons/3.svg]
[creativelayers.net/themes/educrat-html/img/home-3/works/1.svg]
[creativelayers.net/themes/educrat-html/img/misc/lines/1.svg]
[creativelayers.net/themes/educrat-html/img/home-3/works/2.svg]
[creativelayers.net/themes/educrat-html/img/misc/lines/2.svg]
[creativelayers.net/themes/educrat-html/img/home-3/works/3.svg]
[creativelayers.net/themes/educrat-html/img/misc/quote.svg]
[creativelayers.net/themes/educrat-html/img/home-3/achieve/1.svg]
[creativelayers.net/themes/educrat-html/img/home-3/achieve/2.svg]
[creativelayers.net/themes/educrat-html/img/home-3/achieve/3.svg]
[creativelayers.net/themes/educrat-html/img/home-3/achieve/4.svg]
[creativelayers.net/themes/educrat-html/img/home-4/masthead/shape.svg]
[creativelayers.net/themes/educrat-html/img/misc/image.png]
[creativelayers.net/themes/educrat-html/img/home-9/hero/2.png]
[creativelayers.net/themes/educrat-html/img/home-4/learning/1.svg]
[creativelayers.net/themes/educrat-html/img/home-4/learning/2.svg]
[creativelayers.net/themes/educrat-html/img/home-4/learning/3.svg]
[creativelayers.net/themes/educrat-html/img/home-4/learning/4.svg]
[creativelayers.net/themes/educrat-html/img/home-5/masthead/bg.svg]
[creativelayers.net/themes/educrat-html/img/home-5/learning/1.svg]
[creativelayers.net/themes/educrat-html/img/home-5/learning/2.svg]
[creativelayers.net/themes/educrat-html/img/home-5/learning/3.svg]
[creativelayers.net/themes/educrat-html/img/home-5/learning/4.svg]
[creativelayers.net/themes/educrat-html/img/general/logo-pure-white.svg]
[creativelayers.net/themes/educrat-html/img/general/logo-black.svg]
[creativelayers.net/themes/educrat-html/img/home-6/hero/icons/1.svg]
[creativelayers.net/themes/educrat-html/img/home-6/hero/icons/2.svg]
[creativelayers.net/themes/educrat-html/img/home-6/hero/icons/3.svg]
[creativelayers.net/themes/educrat-html/img/coursesCards/icons/review.svg]
[creativelayers.net/themes/educrat-html/img/team/icons/1.svg]
[creativelayers.net/themes/educrat-html/img/team/icons/2.svg]
[creativelayers.net/themes/educrat-html/img/home-7/hero/1.svg]
[creativelayers.net/themes/educrat-html/img/home-7/hero/2.svg]
[creativelayers.net/themes/educrat-html/img/home-7/about/icons/1.svg]
[creativelayers.net/themes/educrat-html/img/home-7/about/icons/2.svg]
[creativelayers.net/themes/educrat-html/img/home-7/about/icons/3.svg]
[creativelayers.net/themes/educrat-html/img/pricing/1.svg]
[creativelayers.net/themes/educrat-html/img/pricing/2.svg]
[creativelayers.net/themes/educrat-html/img/pricing/3.svg]
[creativelayers.net/themes/educrat-html/img/home-8/hero/icons/1.svg]
[creativelayers.net/themes/educrat-html/img/home-8/hero/icons/2.svg]
[creativelayers.net/themes/educrat-html/img/home-8/hero/icons/3.svg]
[creativelayers.net/themes/educrat-html/img/home-8/categories/1.svg]
[creativelayers.net/themes/educrat-html/img/home-8/categories/2.svg]
[creativelayers.net/themes/educrat-html/img/home-8/categories/3.svg]
[creativelayers.net/themes/educrat-html/img/home-8/categories/4.svg]
[creativelayers.net/themes/educrat-html/img/home-8/categories/5.svg]
[creativelayers.net/themes/educrat-html/img/home-8/categories/6.svg]
[creativelayers.net/themes/educrat-html/img/home-8/categories/7.svg]
[creativelayers.net/themes/educrat-html/img/home-8/what/icons/1.svg]
[creativelayers.net/themes/educrat-html/img/home-8/what/icons/2.svg]
[creativelayers.net/themes/educrat-html/img/home-8/what/icons/3.svg]
[creativelayers.net/themes/educrat-html/Cover-1.html]
[creativelayers.net/themes/educrat-html/Video-1.html]
[creativelayers.net/themes/educrat-html/img/contact-1/1.svg]
[creativelayers.net/themes/educrat-html/img/contact-1/2.svg]
[creativelayers.net/themes/educrat-html/img/contact-1/3.svg]
[creativelayers.net/themes/educrat-html/img/404/1.svg]
[creativelayers.net/themes/educrat-html/img/help-center/1.svg]
[creativelayers.net/themes/educrat-html/img/help-center/2.svg]
[creativelayers.net/themes/educrat-html/img/help-center/3.svg]
[creativelayers.net/themes/educrat-html/img/help-center/4.svg]
[creativelayers.net/themes/educrat-html/img/help-center/5.svg]
[creativelayers.net/themes/educrat-html/img/help-center/6.svg]
[creativelayers.net/themes/educrat-html/img/avatars/1.png]
